[18:59:54] [ServerMain/INFO]: Environment: Environment[sessionHost=https://sessionserver.mojang.com, servicesHost=https://api.minecraftservices.com, profilesHost=https://api.mojang.com, name=PROD]
[18:59:57] [ServerMain/INFO]: Loaded 1461 recipes
[18:59:57] [ServerMain/INFO]: Loaded 1574 advancements
[18:59:57] [Server thread/INFO]: Starting minecraft server version 1.21.9
[18:59:57] [Server thread/INFO]: Loading properties
[18:59:57] [Server thread/INFO]: Default game type: SURVIVAL
[18:59:57] [Server thread/INFO]: Generating keypair
[18:59:57] [Server thread/INFO]: Starting Minecraft server on *:25565
[18:59:57] [Server thread/INFO]: Using epoll channel type
[18:59:58] [Server thread/WARN]: **** SERVER IS RUNNING IN OFFLINE/INSECURE MODE!
[18:59:58] [Server thread/WARN]: The server will make no attempt to authenticate usernames. Beware.
[18:59:58] [Server thread/WARN]: While this makes the game possible to play without internet access, it also opens up the ability for hackers to connect with any username they choose.
[18:59:58] [Server thread/WARN]: To change this, set "online-mode" to "true" in the server.properties file.
[18:59:58] [Server thread/INFO]: Preparing level "world"
[18:59:58] [Server thread/INFO]: Loading 0 persistent chunks...
[18:59:58] [Server thread/INFO]: Preparing spawn area: 100%
[18:59:58] [Server thread/INFO]: Time elapsed: 15 ms
[18:59:58] [Server thread/INFO]: Done (0.484s)! For help, type "help"
[19:00:29] [Server thread/INFO]: Samaritano307[/127.93.41.132:50753] logged in with entity id 64 at (-82.76249998807907, 45.0, 28.30000001192093)
[19:00:29] [Server thread/INFO]: Samaritano307 joined the game
[19:05:50] [Server thread/INFO]: Samaritano307 has made the advancement [Spooky Scary Skeleton]
[19:15:01] [Server thread/INFO]: strawfire[/127.93.41.132:39937] logged in with entity id 3207 at (26.25358177231373, 68.0, 4.699999988079071)
[19:15:01] [Server thread/INFO]: strawfire joined the game
[19:23:53] [Server thread/INFO]: strawfire has made the advancement [Withering Heights]
[19:23:53] [Server thread/INFO]: Samaritano307 has made the advancement [Withering Heights]
[19:24:45] [Server thread/INFO]: strawfire withered away
[19:25:11] [Server thread/INFO]: Samaritano307 withered away
[19:28:33] [Server thread/INFO]: Samaritano307 has reached the goal [Beaconator]
[19:28:33] [Server thread/INFO]: Samaritano307 has made the advancement [Bring Home the Beacon]
[19:28:33] [Server thread/INFO]: strawfire has reached the goal [Beaconator]
[19:28:33] [Server thread/INFO]: strawfire has made the advancement [Bring Home the Beacon]
[19:30:04] [Server thread/WARN]: Samaritano307 was kicked for floating too long!
[19:30:04] [Server thread/INFO]: Samaritano307 lost connection: Flying is not enabled on this server
[19:30:04] [Server thread/INFO]: Samaritano307 left the game
[19:30:04] [Server thread/WARN]: handleDisconnection() called twice
[19:30:21] [Server thread/INFO]: Samaritano307[/127.93.41.132:59861] logged in with entity id 8767 at (-41.62707652335431, 67.16610926093821, 20.536149048549774)
[19:30:21] [Server thread/INFO]: Samaritano307 joined the game
